Vercel CLI 58.9.0 (Node.js 24.16.0)
Deploying web_v4
Uploading [--------------------] (0.0B/53B)
Uploading [====================] (53.0B/53B)
  Inspect         https://vercel.com/jameslatam/web_v4/8YAZmRkywLNSAwp5C9XpE78GG2Ce
  Production      https://webv4-prkhxnutz-jameslatam.vercel.app
Building…
Building…
Running build in Cleveland, USA (East) – cle1
Build machine configuration: 4 cores, 8 GB
Retrieving list of deployment files...
Downloading 63 deployment files...
Restored build cache from previous deployment (3hMFBJpLDcv9UKUGLot7eEPRhija)
Running "vercel build"
Vercel CLI 58.1.0
WARNING! Due to `builds` existing in your configuration file, the Build and Development Settings defined in your Project Settings will not apply. Learn More: https://vercel.link/unused-build-settings
Installing dependencies...
added 15 packages in 1s
147 packages are looking for funding
run `npm fund` for details
Detected Next.js version: 16.3.0
Running "npm run build"
> web_v4@0.1.0 build
> next build
▲ Next.js 16.3.0 (Turbopack)
- Environments: .env.production
Applying modifyConfig from Vercel
✓ Running next.config.ts took 1534ms
Creating an optimized production build ...
✓ Compiled successfully in 1197ms
Running TypeScript ...
Finished TypeScript in 3.4s ...
Collecting page data using 3 workers ...
Generating static pages using 3 workers (0/12) ...
Generating static pages using 3 workers (3/12)
Generating static pages using 3 workers (6/12)
Generating static pages using 3 workers (9/12)
✓ Generating static pages using 3 workers (12/12) in 337ms
Finalizing page optimization ...
Running onBuildComplete from Vercel
Detected .env file, it is strongly recommended to use Vercel's env handling instead
Route (app)
┌ ○ /
├ ○ /_not-found
├ ƒ /api/projects
├ ƒ /api/setup
├ ○ /editor
├ ○ /exports
├ ○ /library
├ ○ /projects
├ ○ /projects/new
└ ○ /settings
○  (Static)   prerendered as static content
ƒ  (Dynamic)  server-rendered on demand
Build Completed in /vercel/output [11s]
Deploying outputs...
[2K[1A[2K[G  Production      https://webv4-prkhxnutz-jameslatam.vercel.app
Completing…
▲ Aliased         https://webv4-pink.vercel.app
{
  "status": "ok",
  "deployment": {
    "id": "dpl_8YAZmRkywLNSAwp5C9XpE78GG2Ce",
    "url": "https://webv4-prkhxnutz-jameslatam.vercel.app",
    "inspectorUrl": "https://vercel.com/jameslatam/web_v4/8YAZmRkywLNSAwp5C9XpE78GG2Ce",
    "readyState": "READY",
    "target": "production",
    "deploymentApiUrl": "https://api.vercel.com/v13/deployments/dpl_8YAZmRkywLNSAwp5C9XpE78GG2Ce"
  },
  "message": "Deployment webv4-prkhxnutz-jameslatam.vercel.app ready.",
  "next": [
    {
      "command": "vercel curl https://webv4-prkhxnutz-jameslatam.vercel.app",
      "when": "Verify deployment, including when Deployment Protection is enabled"
    },
    {
      "command": "vercel inspect webv4-prkhxnutz-jameslatam.vercel.app",
      "when": "Inspect deployment"
    },
    {
      "command": "vercel deploy --prod",
      "when": "Promote to production"
    }
  ]
}
