Vercel CLI 58.9.0 (Node.js 24.16.0)
Deploying web_v4
Uploading [--------------------] (0.0B/26KB)
Uploading [==============------] (19.0KB/26KB)
Uploading [====================] (26.0KB/26KB)
  Inspect         https://vercel.com/jameslatam/web_v4/Ejkvmz1CFCohNy3r6ueQhAtoFWk5
  Production      https://webv4-k1kzvgqts-jameslatam.vercel.app
Building…
Building…
Running build in Cleveland, USA (East) – cle1
Build machine configuration: 4 cores, 8 GB
Retrieving list of deployment files...
Downloading 65 deployment files...
Restored build cache from previous deployment (Fjv5dHm9baiDtXXmTgbKXbUM6YY4)
Running "vercel build"
Vercel CLI 58.1.0
WARNING! Due to `builds` existing in your configuration file, the Build and Development Settings defined in your Project Settings will not apply. Learn More: https://vercel.link/unused-build-settings
Installing dependencies...
up to date in 768ms
147 packages are looking for funding
run `npm fund` for details
Detected Next.js version: 16.3.0
Running "npm run build"
> web_v4@0.1.0 build
> next build
▲ Next.js 16.3.0 (Turbopack)
- Environments: .env.production
Applying modifyConfig from Vercel
✓ Running next.config.ts took 197ms
Creating an optimized production build ...
✓ Compiled successfully in 419ms
Running TypeScript ...
Finished TypeScript in 2.1s ...
Collecting page data using 3 workers ...
Generating static pages using 3 workers (0/12) ...
Generating static pages using 3 workers (3/12)
Generating static pages using 3 workers (6/12)
Generating static pages using 3 workers (9/12)
✓ Generating static pages using 3 workers (12/12) in 287ms
Finalizing page optimization ...
Running onBuildComplete from Vercel
Detected .env file, it is strongly recommended to use Vercel's env handling instead
Route (app)
┌ ○ /
├ ○ /_not-found
├ ƒ /api/projects
├ ƒ /api/setup
├ ○ /editor
├ ○ /exports
├ ○ /library
├ ○ /projects
├ ○ /projects/new
└ ○ /settings
○  (Static)   prerendered as static content
ƒ  (Dynamic)  server-rendered on demand
Build Completed in /vercel/output [7s]
Deploying outputs...
[2K[1A[2K[G  Production      https://webv4-k1kzvgqts-jameslatam.vercel.app
Completing…
▲ Aliased         https://webv4-pink.vercel.app
{
  "status": "ok",
  "deployment": {
    "id": "dpl_Ejkvmz1CFCohNy3r6ueQhAtoFWk5",
    "url": "https://webv4-k1kzvgqts-jameslatam.vercel.app",
    "inspectorUrl": "https://vercel.com/jameslatam/web_v4/Ejkvmz1CFCohNy3r6ueQhAtoFWk5",
    "readyState": "READY",
    "target": "production",
    "deploymentApiUrl": "https://api.vercel.com/v13/deployments/dpl_Ejkvmz1CFCohNy3r6ueQhAtoFWk5"
  },
  "message": "Deployment webv4-k1kzvgqts-jameslatam.vercel.app ready.",
  "next": [
    {
      "command": "vercel curl https://webv4-k1kzvgqts-jameslatam.vercel.app",
      "when": "Verify deployment, including when Deployment Protection is enabled"
    },
    {
      "command": "vercel inspect webv4-k1kzvgqts-jameslatam.vercel.app",
      "when": "Inspect deployment"
    },
    {
      "command": "vercel deploy --prod",
      "when": "Promote to production"
    }
  ]
}
